Resolving dependencies...
Downloading packages...
  _fe_analyzer_shared 85.0.0 (92.0.0 available)
  analyzer 7.7.1 (9.0.0 available)
  bloc 8.1.4 (9.1.0 available)
  bloc_test 9.1.7 (10.0.0 available)
  characters 1.4.0 (1.4.1 available)
  crypto 3.0.6 (3.0.7 available)
  device_info_plus 10.1.2 (12.3.0 available)
  flutter_bloc 8.1.6 (9.1.1 available)
  flutter_plugin_android_lifecycle 2.0.32 (2.0.33 available)
  go_router 7.1.1 (17.0.0 available)
  google_fonts 6.3.2 (6.3.3 available)
  google_maps_flutter_android 2.18.4 (2.18.6 available)
  google_maps_flutter_ios 2.15.5 (2.15.7 available)
  google_maps_flutter_platform_interface 2.14.0 (2.14.1 available)
  http 1.5.0 (1.6.0 available)
  js 0.6.7 (0.7.2 available)
  location 6.0.2 (8.0.1 available)
  location_platform_interface 4.0.0 (6.0.1 available)
  location_web 5.0.1 (6.0.1 available)
  matcher 0.12.17 (0.12.18 available)
  material_color_utilities 0.11.1 (0.13.0 available)
  meta 1.16.0 (1.17.0 available)
  path_provider_android 2.2.20 (2.2.22 available)
  path_provider_foundation 2.4.3 (2.5.1 available)
  pull_down_button 0.9.4 (0.10.2 available)
  shared_preferences_android 2.4.15 (2.4.18 available)
  shared_preferences_foundation 2.5.5 (2.5.6 available)
  sizer 2.0.15 (3.1.3 available)
  test 1.26.2 (1.28.0 available)
  test_api 0.7.6 (0.7.8 available)
  test_core 0.6.11 (0.6.14 available)
  universal_io 2.2.2 (2.3.1 available)
  uuid 4.5.1 (4.5.2 available)
  webview_flutter_android 4.10.5 (4.10.10 available)
  webview_flutter_wkwebview 3.23.1 (3.23.4 available)
  win32_registry 1.1.5 (2.1.0 available)
Got dependencies!
36 packages have newer versions incompatible with dependency constraints.
Try `flutter pub outdated` for more information.
00:00 +0: loading D:/Project PBP/Project-Aplikasi-Restaurant/test/features/product/domain/usecases/get_all_produk_usecase_test.dart
flutter : lib/features
/product/domain/reposi
tories/produk_reposito
ry.dart:1:1: Error: 
Expected a 
declaration, but got 
'`'.
At line:1 char:1
+ flutter test test/fe
atures/product/domain/
usecases/get_all_produ
k_use ...
+ ~~~~~~~~~~~~~~~~~~~~
~~~~~~~~~~~~~~~~~~~~~~
~~~~~~~~~~~~~~~~~~~~~~
~~~~~
    + CategoryInfo    
          : NotSpeci  
  fied: (lib/featur   
 es/pr...n, but go    
t '`'.:String) []    
, RemoteException
    + FullyQualifiedE 
   rrorId : NativeCo  
  mmandError
 
```dart
^
lib/features/product/d
omain/repositories/pro
duk_repository.dart:1:
2: Error: Expected a 
declaration, but got 
'`'.
```dart
 ^
lib/features/product/d
omain/repositories/pro
duk_repository.dart:1:
3: Error: Expected a 
declaration, but got 
'`'.
```dart
  ^
lib/features/product/d
omain/repositories/pro
duk_repository.dart:2:
1: Error: Expected an 
identifier, but got 
'import'.
Try inserting an 
identifier before 
'import'.
import 'package:fpdart
/fpdart.dart';
^^^^^^
lib/features/product/d
omain/repositories/pro
duk_repository.dart:1:
4: Error: Expected 
';' after this.
```dart
   ^^^^
lib/features/product/d
omain/repositories/pro
duk_repository.dart:2:
1: Error: Directives 
must appear before 
any declarations.
Try moving the 
directive before any 
declarations.
import 'package:fpdart
/fpdart.dart';
^^^^^^
lib/features/product/d
omain/repositories/pro
duk_repository.dart:3:
1: Error: Directives 
must appear before 
any declarations.
Try moving the 
directive before any 
declarations.
import 'package:menu_m
akanan/core/errors/fai
lures.dart';
^^^^^^
lib/features/product/d
omain/repositories/pro
duk_repository.dart:4:
1: Error: Directives 
must appear before 
any declarations.
Try moving the 
directive before any 
declarations.
import 'package:menu_m
akanan/features/produc
t/domain/entities/prod
uct.dart';
^^^^^^
lib/features/product/d
omain/repositories/pro
duk_repository.dart:24
:1: Error: Expected a 
declaration, but got 
'`'.
```
^
lib/features/product/d
omain/repositories/pro
duk_repository.dart:24
:2: Error: Expected a 
declaration, but got 
'`'.
```
 ^
lib/features/product/d
omain/repositories/pro
duk_repository.dart:24
:3: Error: Expected a 
declaration, but got 
'`'.
```
  ^
test/features/product/
domain/usecases/get_al
l_produk_usecase_test.
dart:6:8: Error: 
Error when reading 'li
b/features/product/dom
ain/usecases/usecases/
get_all_produk_usecase
.dart': The system 
cannot find the path 
specified.

import 'package:menu_m
akanan/features/produc
t/domain/usecases/usec
ases/get_all_produk_us
ecase.dart';
       ^
lib/features/product/d
omain/repositories/pro
duk_repository.dart:1:
4: Error: Type 'dart' 
not found.
```dart
   ^^^^
test/features/product/
domain/usecases/get_al
l_produk_usecase_test.
dart:11:8: Error: 
'GetAllProdukUseCase' 
isn't a type.
  late 
GetAllProdukUseCase 
usecase;
       
^^^^^^^^^^^^^^^^^^^
test/features/product/
domain/usecases/get_al
l_produk_usecase_test.
dart:16:15: Error: 
Method not found: 
'GetAllProdukUseCase'.
    usecase = GetAllPr
odukUseCase(mockProduk
Repository);
              
^^^^^^^^^^^^^^^^^^^
00:00 +0 -1: loading D:/Project PBP/Project-Aplikasi-Restaurant/test/features/product/domain/usecases/get_all_produk_usecase_test.dart [E]
  Failed to load "D:/Project PBP/Project-Aplikasi-Restaurant/test/features/product/domain/usecases/get_all_produk_usecase_test.dart":
  Compilation failed for testPath=D:/Project PBP/Project-Aplikasi-Restaurant/test/features/product/domain/usecases/get_all_produk_usecase_test.dart: lib/features/product/domain/repositories/produk_repository.dart:1:1: Error: Expected a declaration, but got '`'.
  ```dart
  ^
  lib/features/product/domain/repositories/produk_repository.dart:1:2: Error: Expected a declaration, but got '`'.
  ```dart
   ^
  lib/features/product/domain/repositories/produk_repository.dart:1:3: Error: Expected a declaration, but got '`'.
  ```dart
    ^
  lib/features/product/domain/repositories/produk_repository.dart:2:1: Error: Expected an identifier, but got 'import'.
  Try inserting an identifier before 'import'.
  import 'package:fpdart/fpdart.dart';
  ^^^^^^
  lib/features/product/domain/repositories/produk_repository.dart:1:4: Error: Expected ';' after this.
  ```dart
     ^^^^
  lib/features/product/domain/repositories/produk_repository.dart:2:1: Error: Directives must appear before any declarations.
  Try moving the directive before any declarations.
  import 'package:fpdart/fpdart.dart';
  ^^^^^^
  lib/features/product/domain/repositories/produk_repository.dart:3:1: Error: Directives must appear before any declarations.
  Try moving the directive before any declarations.
  import 'package:menu_makanan/core/errors/failures.dart';
  ^^^^^^
  lib/features/product/domain/repositories/produk_repository.dart:4:1: Error: Directives must appear before any declarations.
  Try moving the directive before any declarations.
  import 'package:menu_makanan/features/product/domain/entities/product.dart';
  ^^^^^^
  lib/features/product/domain/repositories/produk_repository.dart:24:1: Error: Expected a declaration, but got '`'.
  ```
  ^
  lib/features/product/domain/repositories/produk_repository.dart:24:2: Error: Expected a declaration, but got '`'.
  ```
   ^
  lib/features/product/domain/repositories/produk_repository.dart:24:3: Error: Expected a declaration, but got '`'.
  ```
    ^
  test/features/product/domain/usecases/get_all_produk_usecase_test.dart:6:8: Error: Error when reading 'lib/features/product/domain/usecases/usecases/get_all_produk_usecase.dart': The system cannot find the path specified.
  
  import 'package:menu_makanan/features/product/domain/usecases/usecases/get_all_produk_usecase.dart';
         ^
  lib/features/product/domain/repositories/produk_repository.dart:1:4: Error: Type 'dart' not found.
  ```dart
     ^^^^
  test/features/product/domain/usecases/get_all_produk_usecase_test.dart:11:8: Error: 'GetAllProdukUseCase' isn't a type.
    late GetAllProdukUseCase usecase;
         ^^^^^^^^^^^^^^^^^^^
  test/features/product/domain/usecases/get_all_produk_usecase_test.dart:16:15: Error: Method not found: 'GetAllProdukUseCase'.
      usecase = GetAllProdukUseCase(mockProdukRepository);
                ^^^^^^^^^^^^^^^^^^^
  .
00:00 +0 -1: Some tests failed.
